FT Fund Scraper starting...

==================================================
Processing: SL Asia Pacific Ex Japan
Fund ID:    GB0031728438:GBP
==================================================
  Latest date in database: 2026-04-16
  Incremental run: fetching from 2026-04-17 to today
  Fetching: https://markets.ft.com/data/funds/tearsheet/historical?s=GB0031728438:GBP&startDate=17/04/2026&endDate=20/04/2026
  Total unique rows found: 21
  Saved 2 new rows to database.
  Fund name: Standard Life Assurance Asia Pacific Ex Japan Equity S4 Pension Fund

==================================================
Processing: SL Gold
Fund ID:    GB00B3VNFD68:GBP
==================================================
  Latest date in database: 2026-04-16
  Incremental run: fetching from 2026-04-17 to today
  Fetching: https://markets.ft.com/data/funds/tearsheet/historical?s=GB00B3VNFD68:GBP&startDate=17/04/2026&endDate=20/04/2026
  Total unique rows found: 21
  Saved 2 new rows to database.
  Fund name: Standard Life Assurance BlackRock Gold and General 4 Pension Fund

==================================================
Processing: SL China
Fund ID:    GB00B7Z71453:GBP
==================================================
  Latest date in database: 2026-04-16
  Incremental run: fetching from 2026-04-17 to today
  Fetching: https://markets.ft.com/data/funds/tearsheet/historical?s=GB00B7Z71453:GBP&startDate=17/04/2026&endDate=20/04/2026
  Total unique rows found: 20
  Saved 1 new rows to database.
  Fund name: Standard Life Assurance SLI China Equities Series 4 Pension Fund

==================================================
Processing: SL JPM Natural Resources
Fund ID:    GB00B61JR401:GBP
==================================================
  Latest date in database: 2026-04-16
  Incremental run: fetching from 2026-04-17 to today
  Fetching: https://markets.ft.com/data/funds/tearsheet/historical?s=GB00B61JR401:GBP&startDate=17/04/2026&endDate=20/04/2026
  Total unique rows found: 21
  Saved 2 new rows to database.
  Fund name: Standard Life Assurance JP Morgan Natural Resources 4 Pension Fund

==================================================
Processing: SL Ishares Pacific
Fund ID:    GB00B849FB47:GBP
==================================================
  Latest date in database: 2026-04-16
  Incremental run: fetching from 2026-04-17 to today
  Fetching: https://markets.ft.com/data/funds/tearsheet/historical?s=GB00B849FB47:GBP&startDate=17/04/2026&endDate=20/04/2026
  Total unique rows found: 18
  Saved 1 new rows to database.
  Fund name: iShares Pacific ex Japan Equity Index Fund (UK) D Acc

==================================================
Processing: SL L&G Global Infrastructure
Fund ID:    GB00BF0TZK67:GBP
==================================================
  Latest date in database: 2026-04-16
  Incremental run: fetching from 2026-04-17 to today
  Fetching: https://markets.ft.com/data/funds/tearsheet/historical?s=GB00BF0TZK67:GBP&startDate=17/04/2026&endDate=20/04/2026
  Total unique rows found: 18
  Saved 1 new rows to database.
  Fund name: Legal & General Global Infrastructure Index Fund Class L Distribution

==================================================
Processing: HSBC Islamic Global Equity
Fund ID:    LU2092165666:GBP
==================================================
  Latest date in database: 2026-04-16
  Incremental run: fetching from 2026-04-17 to today
  Fetching: https://markets.ft.com/data/funds/tearsheet/historical?s=LU2092165666:GBP&startDate=17/04/2026&endDate=20/04/2026
  Total unique rows found: 18
  Saved 1 new rows to database.
  Fund name: HSBC Islamic Funds - HSBC Islamic Global Equity Index Fund BC GBP

==================================================
Processing: SL Macquarie Global Infrastructure Secs
Fund ID:    GB00B3K5WJ87:GBP
==================================================
  Latest date in database: 2026-04-16
  Incremental run: fetching from 2026-04-17 to today
  Fetching: https://markets.ft.com/data/funds/tearsheet/historical?s=GB00B3K5WJ87:GBP&startDate=17/04/2026&endDate=20/04/2026
  Total unique rows found: 21
  Saved 2 new rows to database.
  Fund name: Standard Life CF Macquarie Global Infrastructure Secs Series 2 Pension Fund

==================================================
Processing: Robeco Emerging Stars Equities G GBP
Fund ID:    LU1408526199:GBP
==================================================
  Latest date in database: 2026-04-16
  Incremental run: fetching from 2026-04-17 to today
  Fetching: https://markets.ft.com/data/funds/tearsheet/historical?s=LU1408526199:GBP&startDate=17/04/2026&endDate=20/04/2026
  Total unique rows found: 16
  Saved 0 new rows to database.
  Fund name: Robeco Capital Growth Funds - Robeco Emerging Stars Equities G GBP

==================================================
Processing: JPMorgan Emerging Markets ESG Equity C
Fund ID:    GB00BL0DTP33:GBP
==================================================
  Latest date in database: 2026-04-16
  Incremental run: fetching from 2026-04-17 to today
  Fetching: https://markets.ft.com/data/funds/tearsheet/historical?s=GB00BL0DTP33:GBP&startDate=17/04/2026&endDate=20/04/2026
  Total unique rows found: 18
  Saved 1 new rows to database.
  Fund name: JPM Emerging Markets ESG Equity Fund C GBP - Net Accumulation

==================================================
Processing: Schroder Life UK Smaller Companies
Fund ID:    GB00B0ZGQD71:GBP
==================================================
  Latest date in database: 2026-04-16
  Incremental run: fetching from 2026-04-17 to today
  Fetching: https://markets.ft.com/data/funds/tearsheet/historical?s=GB00B0ZGQD71:GBP&startDate=17/04/2026&endDate=20/04/2026
  Total unique rows found: 18
  Saved 1 new rows to database.
  Fund name: ReAssure LG Schroder UK Small Comps 25

==================================================
Processing: Artemis UK Special Situations Fund
Fund ID:    GB00B2PLJQ03:GBP
==================================================
  Latest date in database: 2026-04-16
  Incremental run: fetching from 2026-04-17 to today
  Fetching: https://markets.ft.com/data/funds/tearsheet/historical?s=GB00B2PLJQ03:GBP&startDate=17/04/2026&endDate=20/04/2026
  Total unique rows found: 18
  Saved 1 new rows to database.
  Fund name: Artemis UK Special Situations Fund I Acc

==================================================
Processing: L&G PMC North America Equity Index
Fund ID:    GB00B3VGBC62:GBP
==================================================
  Latest date in database: 2026-04-16
  Incremental run: fetching from 2026-04-17 to today
  Fetching: https://markets.ft.com/data/funds/tearsheet/historical?s=GB00B3VGBC62:GBP&startDate=17/04/2026&endDate=20/04/2026
  Total unique rows found: 18
  Saved 1 new rows to database.
  Fund name: L&G PMC North America Equity Index 3 Pen

==================================================
Processing: L&G PMC Europe Ex UK Equity Index
Fund ID:    GB00B4YKRJ18:GBP
==================================================
  Latest date in database: 2026-04-16
  Incremental run: fetching from 2026-04-17 to today
  Fetching: https://markets.ft.com/data/funds/tearsheet/historical?s=GB00B4YKRJ18:GBP&startDate=17/04/2026&endDate=20/04/2026
  Total unique rows found: 18
  Saved 1 new rows to database.
  Fund name: L&G PMC Europe Ex UK Equity Index 3 Pen

==================================================
Processing: L&G PMC Japan Equity Index
Fund ID:    GB00B4ZFV486:GBP
==================================================
  Latest date in database: 2026-04-16
  Incremental run: fetching from 2026-04-17 to today
  Fetching: https://markets.ft.com/data/funds/tearsheet/historical?s=GB00B4ZFV486:GBP&startDate=17/04/2026&endDate=20/04/2026
  Total unique rows found: 18
  Saved 1 new rows to database.
  Fund name: L&G PMC Japan Equity Index 3 Pen

==================================================
Processing: L&G PMC Asia Pac ex Japan Dev Eq
Fund ID:    GB00B4WT1Y33:GBP
==================================================
  Latest date in database: 2026-04-16
  Incremental run: fetching from 2026-04-17 to today
  Fetching: https://markets.ft.com/data/funds/tearsheet/historical?s=GB00B4WT1Y33:GBP&startDate=17/04/2026&endDate=20/04/2026
  Total unique rows found: 18
  Saved 1 new rows to database.
  Fund name: L&G PMC Asia Pac ex Japan Dev Eq Idx 3 Pen

==================================================
Processing: L&G Future World ESG Optimised UK Index Fund
Fund ID:    GB00BJH4XW03:GBP
==================================================
  Latest date in database: 2026-04-16
  Incremental run: fetching from 2026-04-17 to today
  Fetching: https://markets.ft.com/data/funds/tearsheet/historical?s=GB00BJH4XW03:GBP&startDate=17/04/2026&endDate=20/04/2026
  Total unique rows found: 17
  Saved 1 new rows to database.
  Fund name: Legal & General Future World ESG Tilted & Optimised UK Index Fund L GBP Acc

All done.
Yahoo Finance Importer
Processing 62 ticker(s)...

── S&P 500 (^GSPC)
  S&P 500 (^GSPC)                               | latest in DB: 2026-04-16 | fetching from 2026-04-17
  Fetching ^GSPC from 2026-04-17 to 2026-04-20...
  1 rows fetched | 1 new rows saved | 2026-04-17 → 2026-04-17

── FTSE 100 (^FTSE)
  FTSE 100 (^FTSE)                              | latest in DB: 2026-04-16 | fetching from 2026-04-17
  Fetching ^FTSE from 2026-04-17 to 2026-04-20...
  1 rows fetched | 1 new rows saved | 2026-04-17 → 2026-04-17

── FTSE 250 (^FTMC)
  FTSE 250 (^FTMC)                              | latest in DB: 2026-04-16 | fetching from 2026-04-17
  Fetching ^FTMC from 2026-04-17 to 2026-04-20...
  1 rows fetched | 1 new rows saved | 2026-04-17 → 2026-04-17

── BIST 30 (XU030.IS)
  BIST 30 (XU030.IS)                            | latest in DB: 2026-04-16 | fetching from 2026-04-17
  Fetching XU030.IS from 2026-04-17 to 2026-04-20...
  1 rows fetched | 1 new rows saved | 2026-04-17 → 2026-04-17

── Nikkei 225 (^N225)
  Nikkei 225 (^N225)                            | latest in DB: 2026-04-16 | fetching from 2026-04-17
  Fetching ^N225 from 2026-04-17 to 2026-04-20...
  1 rows fetched | 1 new rows saved | 2026-04-17 → 2026-04-17

── Euro Stoxx 50 (^STOXX50E)
  Euro Stoxx 50 (^STOXX50E)                     | latest in DB: 2026-04-16 | fetching from 2026-04-17
  Fetching ^STOXX50E from 2026-04-17 to 2026-04-20...
  1 rows fetched | 1 new rows saved | 2026-04-17 → 2026-04-17

── NASDAQ Composite (^IXIC)
  NASDAQ Composite (^IXIC)                      | latest in DB: 2026-04-16 | fetching from 2026-04-17
  Fetching ^IXIC from 2026-04-17 to 2026-04-20...
  1 rows fetched | 1 new rows saved | 2026-04-17 → 2026-04-17

── MSCI World (URTH)
  MSCI World (URTH)                             | latest in DB: 2026-04-16 | fetching from 2026-04-17
  Fetching URTH from 2026-04-17 to 2026-04-20...
  1 rows fetched | 1 new rows saved | 2026-04-17 → 2026-04-17

── MSCI Emerging Markets (EEM)
  MSCI Emerging Markets (EEM)                   | latest in DB: 2026-04-16 | fetching from 2026-04-17
  Fetching EEM from 2026-04-17 to 2026-04-20...
  1 rows fetched | 1 new rows saved | 2026-04-17 → 2026-04-17

── FTSE All World (VWRL.L)
  FTSE All World (VWRL.L)                       | latest in DB: 2026-04-16 | fetching from 2026-04-17
  Fetching VWRL.L from 2026-04-17 to 2026-04-20...
  1 rows fetched | 1 new rows saved | 2026-04-17 → 2026-04-17

── iShares Core S&P 500 ETF (CSP1.L)
  iShares Core S&P 500 ETF (CSP1.L)             | latest in DB: 2026-04-16 | fetching from 2026-04-17
  Fetching CSP1.L from 2026-04-17 to 2026-04-20...
  1 rows fetched | 1 new rows saved | 2026-04-17 → 2026-04-17

── Xtr Nikkei 225 UCITS ETF (XDJP.L)
  Xtr Nikkei 225 UCITS ETF (XDJP.L)             | latest in DB: 2026-04-16 | fetching from 2026-04-17
  Fetching XDJP.L from 2026-04-17 to 2026-04-20...
  1 rows fetched | 1 new rows saved | 2026-04-17 → 2026-04-17

── HSBC MSCI China UCITS ETF (HMCH.L)
  HSBC MSCI China UCITS ETF (HMCH.L)            | latest in DB: 2026-04-16 | fetching from 2026-04-17
  Fetching HMCH.L from 2026-04-17 to 2026-04-20...
  1 rows fetched | 1 new rows saved | 2026-04-17 → 2026-04-17

── HSBC MSCI Canada UCITS ETF (HCAN.L)
  HSBC MSCI Canada UCITS ETF (HCAN.L)           | latest in DB: 2026-04-16 | fetching from 2026-04-17
  Fetching HCAN.L from 2026-04-17 to 2026-04-20...
  1 rows fetched | 1 new rows saved | 2026-04-17 → 2026-04-17

── iShares Europe Def UETF (DFEU.L)
  iShares Europe Def UETF (DFEU.L)              | latest in DB: 2026-04-16 | fetching from 2026-04-17
  Fetching DFEU.L from 2026-04-17 to 2026-04-20...
  1 rows fetched | 1 new rows saved | 2026-04-17 → 2026-04-17

── X AI and Big Data UCITS ETF (XAIX.L)
  X AI and Big Data UCITS ETF (XAIX.L)          | latest in DB: 2026-04-16 | fetching from 2026-04-17
  Fetching XAIX.L from 2026-04-17 to 2026-04-20...
  1 rows fetched | 1 new rows saved | 2026-04-17 → 2026-04-17

── iShares AI Infrastructure ETF (AINF.L)
  iShares AI Infrastructure ETF (AINF.L)        | latest in DB: 2026-04-16 | fetching from 2026-04-17
  Fetching AINF.L from 2026-04-17 to 2026-04-20...
  1 rows fetched | 1 new rows saved | 2026-04-17 → 2026-04-17

── iShares S&P 500 Financials ETF (UIFS.L)
  iShares S&P 500 Financials ETF (UIFS.L)       | latest in DB: 2026-04-16 | fetching from 2026-04-17
  Fetching UIFS.L from 2026-04-17 to 2026-04-20...
  1 rows fetched | 1 new rows saved | 2026-04-17 → 2026-04-17

── FT Nasdaq Cs UCITS ETF (FCBR.L)
  FT Nasdaq Cs UCITS ETF (FCBR.L)               | latest in DB: 2026-04-16 | fetching from 2026-04-17
  Fetching FCBR.L from 2026-04-17 to 2026-04-20...
  1 rows fetched | 1 new rows saved | 2026-04-17 → 2026-04-17

── iShares Quantum Computing ETF (QANT.L)
  iShares Quantum Computing ETF (QANT.L)        | latest in DB: 2026-04-16 | fetching from 2026-04-17
  Fetching QANT.L from 2026-04-17 to 2026-04-20...
  1 rows fetched | 1 new rows saved | 2026-04-17 → 2026-04-17

── WisdomTree Quantum Computing ETF (QWTM.L)
  WisdomTree Quantum Computing ETF (QWTM.L)     | latest in DB: 2026-04-16 | fetching from 2026-04-17
  Fetching QWTM.L from 2026-04-17 to 2026-04-20...
  1 rows fetched | 1 new rows saved | 2026-04-17 → 2026-04-17

── Future of Defence UCITS ETF (NATP.L)
  Future of Defence UCITS ETF (NATP.L)          | latest in DB: 2026-04-16 | fetching from 2026-04-17
  Fetching NATP.L from 2026-04-17 to 2026-04-20...
  1 rows fetched | 1 new rows saved | 2026-04-17 → 2026-04-17

── iShares Gold Producers ETF (SPGP.L)
  iShares Gold Producers ETF (SPGP.L)           | latest in DB: 2026-04-16 | fetching from 2026-04-17
  Fetching SPGP.L from 2026-04-17 to 2026-04-20...
  1 rows fetched | 1 new rows saved | 2026-04-17 → 2026-04-17

── iShares MSCI Canada UCITS ETF (CSCA.L)
  iShares MSCI Canada UCITS ETF (CSCA.L)        | latest in DB: 2026-04-16 | fetching from 2026-04-17
  Fetching CSCA.L from 2026-04-17 to 2026-04-20...
  1 rows fetched | 1 new rows saved | 2026-04-17 → 2026-04-17

── iShares Digital Entertainment ETF (PLAY.L)
  iShares Digital Entertainment ETF (PLAY.L)    | latest in DB: 2026-04-16 | fetching from 2026-04-17
  Fetching PLAY.L from 2026-04-17 to 2026-04-20...
  1 rows fetched | 1 new rows saved | 2026-04-17 → 2026-04-17

── Gold Futures (GC=F)
  Gold Futures (GC=F)                           | latest in DB: 2026-04-16 | fetching from 2026-04-17
  Fetching GC=F from 2026-04-17 to 2026-04-20...
  1 rows fetched | 1 new rows saved | 2026-04-17 → 2026-04-17

── Silver Futures (SI=F)
  Silver Futures (SI=F)                         | latest in DB: 2026-04-16 | fetching from 2026-04-17
  Fetching SI=F from 2026-04-17 to 2026-04-20...
  1 rows fetched | 1 new rows saved | 2026-04-17 → 2026-04-17

── Copper Futures (HG=F)
  Copper Futures (HG=F)                         | latest in DB: 2026-04-16 | fetching from 2026-04-17
  Fetching HG=F from 2026-04-17 to 2026-04-20...
  1 rows fetched | 1 new rows saved | 2026-04-17 → 2026-04-17

── Wheat Futures (ZW=F)
  Wheat Futures (ZW=F)                          | latest in DB: 2026-04-16 | fetching from 2026-04-17
  Fetching ZW=F from 2026-04-17 to 2026-04-20...
  1 rows fetched | 1 new rows saved | 2026-04-17 → 2026-04-17

── Crude Oil Futures (CL=F)
  Crude Oil Futures (CL=F)                      | latest in DB: 2026-04-16 | fetching from 2026-04-17
  Fetching CL=F from 2026-04-17 to 2026-04-20...
  1 rows fetched | 1 new rows saved | 2026-04-17 → 2026-04-17

── Natural Gas Futures (NG=F)
  Natural Gas Futures (NG=F)                    | latest in DB: 2026-04-16 | fetching from 2026-04-17
  Fetching NG=F from 2026-04-17 to 2026-04-20...
  1 rows fetched | 1 new rows saved | 2026-04-17 → 2026-04-17

── Cocoa Futures (CC=F)
  Cocoa Futures (CC=F)                          | latest in DB: 2026-04-16 | fetching from 2026-04-17
  Fetching CC=F from 2026-04-17 to 2026-04-20...
  1 rows fetched | 1 new rows saved | 2026-04-17 → 2026-04-17

── Brent Crude Futures (BZ=F)
HTTP Error 404: {"quoteSummary":{"result":null,"error":{"code":"Not Found","description":"Quote not found for symbol: XAUUSD=X"}}}
$XAUUSD=X: possibly delisted; no timezone found

1 Failed download:
['XAUUSD=X']: possibly delisted; no timezone found
  Brent Crude Futures (BZ=F)                    | latest in DB: 2026-04-16 | fetching from 2026-04-17
  Fetching BZ=F from 2026-04-17 to 2026-04-20...
  1 rows fetched | 1 new rows saved | 2026-04-17 → 2026-04-17

── WT Physical Precious Metals ETC (PHPP.L)
  WT Physical Precious Metals ETC (PHPP.L)      | latest in DB: 2026-04-16 | fetching from 2026-04-17
  Fetching PHPP.L from 2026-04-17 to 2026-04-20...
  1 rows fetched | 1 new rows saved | 2026-04-17 → 2026-04-17

── WisdomTree Copper ETC (COPB.L)
  WisdomTree Copper ETC (COPB.L)                | latest in DB: 2026-04-16 | fetching from 2026-04-17
  Fetching COPB.L from 2026-04-17 to 2026-04-20...
  1 rows fetched | 1 new rows saved | 2026-04-17 → 2026-04-17

── WisdomTree Wheat ETC (WEAP.L)
  WisdomTree Wheat ETC (WEAP.L)                 | latest in DB: 2026-04-16 | fetching from 2026-04-17
  Fetching WEAP.L from 2026-04-17 to 2026-04-20...
  1 rows fetched | 1 new rows saved | 2026-04-17 → 2026-04-17

── iShares Copper Miners ETF (MINE.L)
  iShares Copper Miners ETF (MINE.L)            | latest in DB: 2026-04-16 | fetching from 2026-04-17
  Fetching MINE.L from 2026-04-17 to 2026-04-20...
  1 rows fetched | 1 new rows saved | 2026-04-17 → 2026-04-17

── WisdomTree Energy Transition ETC (NRGT.L)
  WisdomTree Energy Transition ETC (NRGT.L)     | latest in DB: 2026-04-16 | fetching from 2026-04-17
  Fetching NRGT.L from 2026-04-17 to 2026-04-20...
  1 rows fetched | 1 new rows saved | 2026-04-17 → 2026-04-17

── WisdomTree Natural Gas ETC (NGSP.L)
  WisdomTree Natural Gas ETC (NGSP.L)           | latest in DB: 2026-04-16 | fetching from 2026-04-17
  Fetching NGSP.L from 2026-04-17 to 2026-04-20...
  1 rows fetched | 1 new rows saved | 2026-04-17 → 2026-04-17

── WisdomTree Cocoa (COCO)
  WisdomTree Cocoa (COCO)                       | latest in DB: 2026-04-16 | fetching from 2026-04-17
  Fetching COCO from 2026-04-17 to 2026-04-20...
  1 rows fetched | 1 new rows saved | 2026-04-17 → 2026-04-17

── GBP/USD (GBPUSD=X)
  GBP/USD (GBPUSD=X)                            | latest in DB: 2026-04-16 | fetching from 2026-04-17
  Fetching GBPUSD=X from 2026-04-17 to 2026-04-20...
  1 rows fetched | 1 new rows saved | 2026-04-17 → 2026-04-17

── Gold / USD (Spot) (XAUUSD=X)
  Gold / USD (Spot) (XAUUSD=X)                  | first import | fetching 730 days from 2024-04-20
  Fetching XAUUSD=X from 2024-04-20 to 2026-04-20...
  WARNING: No data returned for XAUUSD=X

── USD/CNY (CNY=X)
  USD/CNY (CNY=X)                               | latest in DB: 2026-04-16 | fetching from 2026-04-17
  Fetching CNY=X from 2026-04-17 to 2026-04-20...
  1 rows fetched | 1 new rows saved | 2026-04-17 → 2026-04-17

── Bitcoin GBP (BTC-GBP)
  Bitcoin GBP (BTC-GBP)                         | latest in DB: 2026-04-16 | fetching from 2026-04-17
  Fetching BTC-GBP from 2026-04-17 to 2026-04-20...
  3 rows fetched | 3 new rows saved | 2026-04-17 → 2026-04-19

── Ethereum GBP (ETH-GBP)
  Ethereum GBP (ETH-GBP)                        | latest in DB: 2026-04-16 | fetching from 2026-04-17
  Fetching ETH-GBP from 2026-04-17 to 2026-04-20...
  3 rows fetched | 3 new rows saved | 2026-04-17 → 2026-04-19

── Alphabet (Google) (GOOG)
  Alphabet (Google) (GOOG)                      | latest in DB: 2026-04-16 | fetching from 2026-04-17
  Fetching GOOG from 2026-04-17 to 2026-04-20...
  1 rows fetched | 1 new rows saved | 2026-04-17 → 2026-04-17

── Amazon (AMZN)
  Amazon (AMZN)                                 | latest in DB: 2026-04-16 | fetching from 2026-04-17
  Fetching AMZN from 2026-04-17 to 2026-04-20...
  1 rows fetched | 1 new rows saved | 2026-04-17 → 2026-04-17

── NVIDIA (NVDA)
  NVIDIA (NVDA)                                 | latest in DB: 2026-04-16 | fetching from 2026-04-17
  Fetching NVDA from 2026-04-17 to 2026-04-20...
  1 rows fetched | 1 new rows saved | 2026-04-17 → 2026-04-17

── ASML Holding (ASML)
  ASML Holding (ASML)                           | latest in DB: 2026-04-16 | fetching from 2026-04-17
  Fetching ASML from 2026-04-17 to 2026-04-20...
  1 rows fetched | 1 new rows saved | 2026-04-17 → 2026-04-17

── Qualcomm (QCOM)
  Qualcomm (QCOM)                               | latest in DB: 2026-04-16 | fetching from 2026-04-17
  Fetching QCOM from 2026-04-17 to 2026-04-20...
  1 rows fetched | 1 new rows saved | 2026-04-17 → 2026-04-17

── Micron Technology (MU)
  Micron Technology (MU)                        | latest in DB: 2026-04-16 | fetching from 2026-04-17
  Fetching MU from 2026-04-17 to 2026-04-20...
  1 rows fetched | 1 new rows saved | 2026-04-17 → 2026-04-17

── JPMorgan Chase (JPM)
  JPMorgan Chase (JPM)                          | latest in DB: 2026-04-16 | fetching from 2026-04-17
  Fetching JPM from 2026-04-17 to 2026-04-20...
  1 rows fetched | 1 new rows saved | 2026-04-17 → 2026-04-17

── Novo Nordisk (NVO)
  Novo Nordisk (NVO)                            | latest in DB: 2026-04-16 | fetching from 2026-04-17
  Fetching NVO from 2026-04-17 to 2026-04-20...
  1 rows fetched | 1 new rows saved | 2026-04-17 → 2026-04-17

── Eli Lilly (LLY)
  Eli Lilly (LLY)                               | latest in DB: 2026-04-16 | fetching from 2026-04-17
  Fetching LLY from 2026-04-17 to 2026-04-20...
  1 rows fetched | 1 new rows saved | 2026-04-17 → 2026-04-17

── GSK plc (GSK.L)
  GSK plc (GSK.L)                               | latest in DB: 2026-04-16 | fetching from 2026-04-17
  Fetching GSK.L from 2026-04-17 to 2026-04-20...
  1 rows fetched | 1 new rows saved | 2026-04-17 → 2026-04-17

── HSBC Holdings (HSBA.L)
  HSBC Holdings (HSBA.L)                        | latest in DB: 2026-04-16 | fetching from 2026-04-17
  Fetching HSBA.L from 2026-04-17 to 2026-04-20...
  1 rows fetched | 1 new rows saved | 2026-04-17 → 2026-04-17

── GlobalData plc (DATA.L)
  GlobalData plc (DATA.L)                       | latest in DB: 2026-04-16 | fetching from 2026-04-17
  Fetching DATA.L from 2026-04-17 to 2026-04-20...
  1 rows fetched | 1 new rows saved | 2026-04-17 → 2026-04-17

── Burberry Group (BRBY.L)
  Burberry Group (BRBY.L)                       | latest in DB: 2026-04-16 | fetching from 2026-04-17
  Fetching BRBY.L from 2026-04-17 to 2026-04-20...
  1 rows fetched | 1 new rows saved | 2026-04-17 → 2026-04-17

── QinetiQ Group (QQ.L)
  QinetiQ Group (QQ.L)                          | latest in DB: 2026-04-16 | fetching from 2026-04-17
  Fetching QQ.L from 2026-04-17 to 2026-04-20...
  1 rows fetched | 1 new rows saved | 2026-04-17 → 2026-04-17

── Hilton Food Group (HFG.L)
  Hilton Food Group (HFG.L)                     | latest in DB: 2026-04-16 | fetching from 2026-04-17
  Fetching HFG.L from 2026-04-17 to 2026-04-20...
  1 rows fetched | 1 new rows saved | 2026-04-17 → 2026-04-17

── Coca-Cola HBC (CCH.L)
  Coca-Cola HBC (CCH.L)                         | latest in DB: 2026-04-16 | fetching from 2026-04-17
  Fetching CCH.L from 2026-04-17 to 2026-04-20...
  1 rows fetched | 1 new rows saved | 2026-04-17 → 2026-04-17

── BAE Systems (BA.L)
  BAE Systems (BA.L)                            | latest in DB: 2026-04-16 | fetching from 2026-04-17
  Fetching BA.L from 2026-04-17 to 2026-04-20...
  1 rows fetched | 1 new rows saved | 2026-04-17 → 2026-04-17

Done. 65 total new rows saved.

To add a new ticker permanently, add a line to TICKERS:
  ("TICKER", "Display Name", "Asset Type"),
FT Fund Scraper starting...

==================================================
Processing: SL Asia Pacific Ex Japan
Fund ID:    GB0031728438:GBP
==================================================
  Latest date in database: 2026-04-20
  Incremental run: fetching from 2026-04-21 to today
  Already up to date.
  No new data to save.
  Fund name: SL Asia Pacific Ex Japan

==================================================
Processing: SL Gold
Fund ID:    GB00B3VNFD68:GBP
==================================================
  Latest date in database: 2026-04-20
  Incremental run: fetching from 2026-04-21 to today
  Already up to date.
  No new data to save.
  Fund name: SL Gold

==================================================
Processing: SL China
Fund ID:    GB00B7Z71453:GBP
==================================================
  Latest date in database: 2026-04-17
  Incremental run: fetching from 2026-04-18 to today
  Fetching: https://markets.ft.com/data/funds/tearsheet/historical?s=GB00B7Z71453:GBP&startDate=18/04/2026&endDate=21/04/2026
  Total unique rows found: 21
  Saved 1 new rows to database.
  Fund name: Standard Life Assurance SLI China Equities Series 4 Pension Fund

==================================================
Processing: SL JPM Natural Resources
Fund ID:    GB00B61JR401:GBP
==================================================
  Latest date in database: 2026-04-20
  Incremental run: fetching from 2026-04-21 to today
  Already up to date.
  No new data to save.
  Fund name: SL JPM Natural Resources

==================================================
Processing: SL Ishares Pacific
Fund ID:    GB00B849FB47:GBP
==================================================
  Latest date in database: 2026-04-17
  Incremental run: fetching from 2026-04-18 to today
  Fetching: https://markets.ft.com/data/funds/tearsheet/historical?s=GB00B849FB47:GBP&startDate=18/04/2026&endDate=21/04/2026
  Total unique rows found: 19
  Saved 1 new rows to database.
  Fund name: iShares Pacific ex Japan Equity Index Fund (UK) D Acc

==================================================
Processing: SL L&G Global Infrastructure
Fund ID:    GB00BF0TZK67:GBP
==================================================
  Latest date in database: 2026-04-17
  Incremental run: fetching from 2026-04-18 to today
  Fetching: https://markets.ft.com/data/funds/tearsheet/historical?s=GB00BF0TZK67:GBP&startDate=18/04/2026&endDate=21/04/2026
  Total unique rows found: 19
  Saved 1 new rows to database.
  Fund name: Legal & General Global Infrastructure Index Fund Class L Distribution

==================================================
Processing: HSBC Islamic Global Equity
Fund ID:    LU2092165666:GBP
==================================================
  Latest date in database: 2026-04-17
  Incremental run: fetching from 2026-04-18 to today
  Fetching: https://markets.ft.com/data/funds/tearsheet/historical?s=LU2092165666:GBP&startDate=18/04/2026&endDate=21/04/2026
  Total unique rows found: 19
  Saved 1 new rows to database.
  Fund name: HSBC Islamic Funds - HSBC Islamic Global Equity Index Fund BC GBP

==================================================
Processing: SL Macquarie Global Infrastructure Secs
Fund ID:    GB00B3K5WJ87:GBP
==================================================
  Latest date in database: 2026-04-20
  Incremental run: fetching from 2026-04-21 to today
  Already up to date.
  No new data to save.
  Fund name: SL Macquarie Global Infrastructure Secs

==================================================
Processing: Robeco Emerging Stars Equities G GBP
Fund ID:    LU1408526199:GBP
==================================================
  Latest date in database: 2026-04-16
  Incremental run: fetching from 2026-04-17 to today
  Fetching: https://markets.ft.com/data/funds/tearsheet/historical?s=LU1408526199:GBP&startDate=17/04/2026&endDate=21/04/2026
  Total unique rows found: 17
  Saved 1 new rows to database.
  Fund name: Robeco Capital Growth Funds - Robeco Emerging Stars Equities G GBP

==================================================
Processing: JPMorgan Emerging Markets ESG Equity C
Fund ID:    GB00BL0DTP33:GBP
==================================================
  Latest date in database: 2026-04-17
  Incremental run: fetching from 2026-04-18 to today
  Fetching: https://markets.ft.com/data/funds/tearsheet/historical?s=GB00BL0DTP33:GBP&startDate=18/04/2026&endDate=21/04/2026
  Total unique rows found: 19
  Saved 1 new rows to database.
  Fund name: JPM Emerging Markets ESG Equity Fund C GBP - Net Accumulation

==================================================
Processing: Schroder Life UK Smaller Companies
Fund ID:    GB00B0ZGQD71:GBP
==================================================
  Latest date in database: 2026-04-17
  Incremental run: fetching from 2026-04-18 to today
  Fetching: https://markets.ft.com/data/funds/tearsheet/historical?s=GB00B0ZGQD71:GBP&startDate=18/04/2026&endDate=21/04/2026
  Total unique rows found: 19
  Saved 1 new rows to database.
  Fund name: ReAssure LG Schroder UK Small Comps 25

==================================================
Processing: Artemis UK Special Situations Fund
Fund ID:    GB00B2PLJQ03:GBP
==================================================
  Latest date in database: 2026-04-17
  Incremental run: fetching from 2026-04-18 to today
  Fetching: https://markets.ft.com/data/funds/tearsheet/historical?s=GB00B2PLJQ03:GBP&startDate=18/04/2026&endDate=21/04/2026
  Total unique rows found: 19
  Saved 1 new rows to database.
  Fund name: Artemis UK Special Situations Fund I Acc

==================================================
Processing: L&G PMC North America Equity Index
Fund ID:    GB00B3VGBC62:GBP
==================================================
  Latest date in database: 2026-04-17
  Incremental run: fetching from 2026-04-18 to today
  Fetching: https://markets.ft.com/data/funds/tearsheet/historical?s=GB00B3VGBC62:GBP&startDate=18/04/2026&endDate=21/04/2026
  Total unique rows found: 19
  Saved 1 new rows to database.
  Fund name: L&G PMC North America Equity Index 3 Pen

==================================================
Processing: L&G PMC Europe Ex UK Equity Index
Fund ID:    GB00B4YKRJ18:GBP
==================================================
  Latest date in database: 2026-04-17
  Incremental run: fetching from 2026-04-18 to today
  Fetching: https://markets.ft.com/data/funds/tearsheet/historical?s=GB00B4YKRJ18:GBP&startDate=18/04/2026&endDate=21/04/2026
  Total unique rows found: 19
  Saved 1 new rows to database.
  Fund name: L&G PMC Europe Ex UK Equity Index 3 Pen

==================================================
Processing: L&G PMC Japan Equity Index
Fund ID:    GB00B4ZFV486:GBP
==================================================
  Latest date in database: 2026-04-17
  Incremental run: fetching from 2026-04-18 to today
  Fetching: https://markets.ft.com/data/funds/tearsheet/historical?s=GB00B4ZFV486:GBP&startDate=18/04/2026&endDate=21/04/2026
  Total unique rows found: 19
  Saved 1 new rows to database.
  Fund name: L&G PMC Japan Equity Index 3 Pen

==================================================
Processing: L&G PMC Asia Pac ex Japan Dev Eq
Fund ID:    GB00B4WT1Y33:GBP
==================================================
  Latest date in database: 2026-04-17
  Incremental run: fetching from 2026-04-18 to today
  Fetching: https://markets.ft.com/data/funds/tearsheet/historical?s=GB00B4WT1Y33:GBP&startDate=18/04/2026&endDate=21/04/2026
  Total unique rows found: 19
  Saved 1 new rows to database.
  Fund name: L&G PMC Asia Pac ex Japan Dev Eq Idx 3 Pen

==================================================
Processing: L&G Future World ESG Optimised UK Index Fund
Fund ID:    GB00BJH4XW03:GBP
==================================================
  Latest date in database: 2026-04-17
  Incremental run: fetching from 2026-04-18 to today
  Fetching: https://markets.ft.com/data/funds/tearsheet/historical?s=GB00BJH4XW03:GBP&startDate=18/04/2026&endDate=21/04/2026
  Total unique rows found: 18
  Saved 1 new rows to database.
  Fund name: Legal & General Future World ESG Tilted & Optimised UK Index Fund L GBP Acc

All done.
Yahoo Finance Importer
Processing 64 ticker(s)...

── S&P 500 (^GSPC)
  Deleted 1 recent rows from 2026-04-18 for fresh reimport
  S&P 500 (^GSPC)                               | latest in DB: 2026-04-20 | fetching from 2026-04-18
  Fetching ^GSPC from 2026-04-18 to 2026-04-21...
  1 rows fetched | 1 new rows saved | 2026-04-20 → 2026-04-20

── FTSE 100 (^FTSE)
  Deleted 1 recent rows from 2026-04-18 for fresh reimport
  FTSE 100 (^FTSE)                              | latest in DB: 2026-04-20 | fetching from 2026-04-18
  Fetching ^FTSE from 2026-04-18 to 2026-04-21...
  1 rows fetched | 1 new rows saved | 2026-04-20 → 2026-04-20

── FTSE 250 (^FTMC)
  Deleted 1 recent rows from 2026-04-18 for fresh reimport
  FTSE 250 (^FTMC)                              | latest in DB: 2026-04-20 | fetching from 2026-04-18
  Fetching ^FTMC from 2026-04-18 to 2026-04-21...
  1 rows fetched | 1 new rows saved | 2026-04-20 → 2026-04-20

── BIST 30 (XU030.IS)
  Deleted 1 recent rows from 2026-04-18 for fresh reimport
  BIST 30 (XU030.IS)                            | latest in DB: 2026-04-20 | fetching from 2026-04-18
  Fetching XU030.IS from 2026-04-18 to 2026-04-21...
  1 rows fetched | 1 new rows saved | 2026-04-20 → 2026-04-20

── Nikkei 225 (^N225)
  Deleted 1 recent rows from 2026-04-18 for fresh reimport
  Nikkei 225 (^N225)                            | latest in DB: 2026-04-20 | fetching from 2026-04-18
  Fetching ^N225 from 2026-04-18 to 2026-04-21...
  1 rows fetched | 1 new rows saved | 2026-04-20 → 2026-04-20

── Euro Stoxx 50 (^STOXX50E)
  Deleted 1 recent rows from 2026-04-18 for fresh reimport
  Euro Stoxx 50 (^STOXX50E)                     | latest in DB: 2026-04-20 | fetching from 2026-04-18
  Fetching ^STOXX50E from 2026-04-18 to 2026-04-21...
  1 rows fetched | 1 new rows saved | 2026-04-20 → 2026-04-20

── NASDAQ Composite (^IXIC)
  Deleted 1 recent rows from 2026-04-18 for fresh reimport
  NASDAQ Composite (^IXIC)                      | latest in DB: 2026-04-20 | fetching from 2026-04-18
  Fetching ^IXIC from 2026-04-18 to 2026-04-21...
  1 rows fetched | 1 new rows saved | 2026-04-20 → 2026-04-20

── MSCI World (URTH)
  Deleted 1 recent rows from 2026-04-18 for fresh reimport
  MSCI World (URTH)                             | latest in DB: 2026-04-20 | fetching from 2026-04-18
  Fetching URTH from 2026-04-18 to 2026-04-21...
  1 rows fetched | 1 new rows saved | 2026-04-20 → 2026-04-20

── MSCI Emerging Markets (EEM)
  Deleted 1 recent rows from 2026-04-18 for fresh reimport
  MSCI Emerging Markets (EEM)                   | latest in DB: 2026-04-20 | fetching from 2026-04-18
  Fetching EEM from 2026-04-18 to 2026-04-21...
  1 rows fetched | 1 new rows saved | 2026-04-20 → 2026-04-20

── FTSE All World (VWRL.L)
  Deleted 1 recent rows from 2026-04-18 for fresh reimport
  FTSE All World (VWRL.L)                       | latest in DB: 2026-04-20 | fetching from 2026-04-18
  Fetching VWRL.L from 2026-04-18 to 2026-04-21...
  1 rows fetched | 1 new rows saved | 2026-04-20 → 2026-04-20

── iShares Core S&P 500 ETF (CSP1.L)
  Deleted 1 recent rows from 2026-04-18 for fresh reimport
  iShares Core S&P 500 ETF (CSP1.L)             | latest in DB: 2026-04-20 | fetching from 2026-04-18
  Fetching CSP1.L from 2026-04-18 to 2026-04-21...
  1 rows fetched | 1 new rows saved | 2026-04-20 → 2026-04-20

── Xtr Nikkei 225 UCITS ETF (XDJP.L)
  Deleted 1 recent rows from 2026-04-18 for fresh reimport
  Xtr Nikkei 225 UCITS ETF (XDJP.L)             | latest in DB: 2026-04-20 | fetching from 2026-04-18
  Fetching XDJP.L from 2026-04-18 to 2026-04-21...
  1 rows fetched | 1 new rows saved | 2026-04-20 → 2026-04-20

── HSBC MSCI China UCITS ETF (HMCH.L)
  Deleted 1 recent rows from 2026-04-18 for fresh reimport
  HSBC MSCI China UCITS ETF (HMCH.L)            | latest in DB: 2026-04-20 | fetching from 2026-04-18
  Fetching HMCH.L from 2026-04-18 to 2026-04-21...
  1 rows fetched | 1 new rows saved | 2026-04-20 → 2026-04-20

── HSBC MSCI Canada UCITS ETF (HCAN.L)
  Deleted 1 recent rows from 2026-04-18 for fresh reimport
  HSBC MSCI Canada UCITS ETF (HCAN.L)           | latest in DB: 2026-04-20 | fetching from 2026-04-18
  Fetching HCAN.L from 2026-04-18 to 2026-04-21...
  1 rows fetched | 1 new rows saved | 2026-04-20 → 2026-04-20

── iShares Europe Def UETF (DFEU.L)
  Deleted 1 recent rows from 2026-04-18 for fresh reimport
  iShares Europe Def UETF (DFEU.L)              | latest in DB: 2026-04-20 | fetching from 2026-04-18
  Fetching DFEU.L from 2026-04-18 to 2026-04-21...
  1 rows fetched | 1 new rows saved | 2026-04-20 → 2026-04-20

── X AI and Big Data UCITS ETF (XAIX.L)
  Deleted 1 recent rows from 2026-04-18 for fresh reimport
  X AI and Big Data UCITS ETF (XAIX.L)          | latest in DB: 2026-04-20 | fetching from 2026-04-18
  Fetching XAIX.L from 2026-04-18 to 2026-04-21...
  1 rows fetched | 1 new rows saved | 2026-04-20 → 2026-04-20

── iShares AI Infrastructure ETF (AINF.L)
  Deleted 1 recent rows from 2026-04-18 for fresh reimport
  iShares AI Infrastructure ETF (AINF.L)        | latest in DB: 2026-04-20 | fetching from 2026-04-18
  Fetching AINF.L from 2026-04-18 to 2026-04-21...
  1 rows fetched | 1 new rows saved | 2026-04-20 → 2026-04-20

── iShares S&P 500 Financials ETF (UIFS.L)
  Deleted 1 recent rows from 2026-04-18 for fresh reimport
  iShares S&P 500 Financials ETF (UIFS.L)       | latest in DB: 2026-04-20 | fetching from 2026-04-18
  Fetching UIFS.L from 2026-04-18 to 2026-04-21...
  1 rows fetched | 1 new rows saved | 2026-04-20 → 2026-04-20

── FT Nasdaq Cs UCITS ETF (FCBR.L)
  Deleted 1 recent rows from 2026-04-18 for fresh reimport
  FT Nasdaq Cs UCITS ETF (FCBR.L)               | latest in DB: 2026-04-20 | fetching from 2026-04-18
  Fetching FCBR.L from 2026-04-18 to 2026-04-21...
  1 rows fetched | 1 new rows saved | 2026-04-20 → 2026-04-20

── iShares Quantum Computing ETF (QANT.L)
  Deleted 1 recent rows from 2026-04-18 for fresh reimport
  iShares Quantum Computing ETF (QANT.L)        | latest in DB: 2026-04-20 | fetching from 2026-04-18
  Fetching QANT.L from 2026-04-18 to 2026-04-21...
  1 rows fetched | 1 new rows saved | 2026-04-20 → 2026-04-20

── WisdomTree Quantum Computing ETF (QWTM.L)
  Deleted 1 recent rows from 2026-04-18 for fresh reimport
  WisdomTree Quantum Computing ETF (QWTM.L)     | latest in DB: 2026-04-20 | fetching from 2026-04-18
  Fetching QWTM.L from 2026-04-18 to 2026-04-21...
  1 rows fetched | 1 new rows saved | 2026-04-20 → 2026-04-20

── Future of Defence UCITS ETF (NATP.L)
  Deleted 1 recent rows from 2026-04-18 for fresh reimport
  Future of Defence UCITS ETF (NATP.L)          | latest in DB: 2026-04-20 | fetching from 2026-04-18
  Fetching NATP.L from 2026-04-18 to 2026-04-21...
  1 rows fetched | 1 new rows saved | 2026-04-20 → 2026-04-20

── iShares Gold Producers ETF (SPGP.L)
  Deleted 1 recent rows from 2026-04-18 for fresh reimport
  iShares Gold Producers ETF (SPGP.L)           | latest in DB: 2026-04-20 | fetching from 2026-04-18
  Fetching SPGP.L from 2026-04-18 to 2026-04-21...
  1 rows fetched | 1 new rows saved | 2026-04-20 → 2026-04-20

── iShares MSCI Canada UCITS ETF (CSCA.L)
  Deleted 1 recent rows from 2026-04-18 for fresh reimport
  iShares MSCI Canada UCITS ETF (CSCA.L)        | latest in DB: 2026-04-20 | fetching from 2026-04-18
  Fetching CSCA.L from 2026-04-18 to 2026-04-21...
  1 rows fetched | 1 new rows saved | 2026-04-20 → 2026-04-20

── iShares Digital Entertainment ETF (PLAY.L)
  Deleted 1 recent rows from 2026-04-18 for fresh reimport
  iShares Digital Entertainment ETF (PLAY.L)    | latest in DB: 2026-04-20 | fetching from 2026-04-18
  Fetching PLAY.L from 2026-04-18 to 2026-04-21...
  1 rows fetched | 1 new rows saved | 2026-04-20 → 2026-04-20

── Gold Futures (GC=F)
  Deleted 1 recent rows from 2026-04-18 for fresh reimport
  Gold Futures (GC=F)                           | latest in DB: 2026-04-20 | fetching from 2026-04-18
  Fetching GC=F from 2026-04-18 to 2026-04-21...
  1 rows fetched | 1 new rows saved | 2026-04-20 → 2026-04-20

── Silver Futures (SI=F)
  Deleted 1 recent rows from 2026-04-18 for fresh reimport
  Silver Futures (SI=F)                         | latest in DB: 2026-04-20 | fetching from 2026-04-18
  Fetching SI=F from 2026-04-18 to 2026-04-21...
  1 rows fetched | 1 new rows saved | 2026-04-20 → 2026-04-20

── Copper Futures (HG=F)
  Deleted 1 recent rows from 2026-04-18 for fresh reimport
  Copper Futures (HG=F)                         | latest in DB: 2026-04-20 | fetching from 2026-04-18
  Fetching HG=F from 2026-04-18 to 2026-04-21...
  1 rows fetched | 1 new rows saved | 2026-04-20 → 2026-04-20

── Wheat Futures (ZW=F)
  Deleted 1 recent rows from 2026-04-18 for fresh reimport
  Wheat Futures (ZW=F)                          | latest in DB: 2026-04-20 | fetching from 2026-04-18
  Fetching ZW=F from 2026-04-18 to 2026-04-21...
  1 rows fetched | 1 new rows saved | 2026-04-20 → 2026-04-20

── Crude Oil Futures (CL=F)
  Deleted 1 recent rows from 2026-04-18 for fresh reimport
  Crude Oil Futures (CL=F)                      | latest in DB: 2026-04-20 | fetching from 2026-04-18
  Fetching CL=F from 2026-04-18 to 2026-04-21...
  1 rows fetched | 1 new rows saved | 2026-04-20 → 2026-04-20

── Natural Gas Futures (NG=F)
  Deleted 1 recent rows from 2026-04-18 for fresh reimport
  Natural Gas Futures (NG=F)                    | latest in DB: 2026-04-20 | fetching from 2026-04-18
  Fetching NG=F from 2026-04-18 to 2026-04-21...
  1 rows fetched | 1 new rows saved | 2026-04-20 → 2026-04-20

── Cocoa Futures (CC=F)
  Deleted 1 recent rows from 2026-04-18 for fresh reimport
  Cocoa Futures (CC=F)                          | latest in DB: 2026-04-20 | fetching from 2026-04-18
  Fetching CC=F from 2026-04-18 to 2026-04-21...
  1 rows fetched | 1 new rows saved | 2026-04-20 → 2026-04-20

── Brent Crude Futures (BZ=F)
  Deleted 1 recent rows from 2026-04-18 for fresh reimport
  Brent Crude Futures (BZ=F)                    | latest in DB: 2026-04-20 | fetching from 2026-04-18
  Fetching BZ=F from 2026-04-18 to 2026-04-21...
  1 rows fetched | 1 new rows saved | 2026-04-20 → 2026-04-20

── WT Physical Precious Metals ETC (PHPP.L)
  Deleted 1 recent rows from 2026-04-18 for fresh reimport
  WT Physical Precious Metals ETC (PHPP.L)      | latest in DB: 2026-04-20 | fetching from 2026-04-18
  Fetching PHPP.L from 2026-04-18 to 2026-04-21...
  1 rows fetched | 1 new rows saved | 2026-04-20 → 2026-04-20

── WisdomTree Copper ETC (COPB.L)
  Deleted 1 recent rows from 2026-04-18 for fresh reimport
  WisdomTree Copper ETC (COPB.L)                | latest in DB: 2026-04-20 | fetching from 2026-04-18
  Fetching COPB.L from 2026-04-18 to 2026-04-21...
  1 rows fetched | 1 new rows saved | 2026-04-20 → 2026-04-20

── WisdomTree Wheat ETC (WEAP.L)
  Deleted 1 recent rows from 2026-04-18 for fresh reimport
  WisdomTree Wheat ETC (WEAP.L)                 | latest in DB: 2026-04-20 | fetching from 2026-04-18
  Fetching WEAP.L from 2026-04-18 to 2026-04-21...
  1 rows fetched | 1 new rows saved | 2026-04-20 → 2026-04-20

── iShares Copper Miners ETF (MINE.L)
  Deleted 1 recent rows from 2026-04-18 for fresh reimport
  iShares Copper Miners ETF (MINE.L)            | latest in DB: 2026-04-20 | fetching from 2026-04-18
  Fetching MINE.L from 2026-04-18 to 2026-04-21...
  1 rows fetched | 1 new rows saved | 2026-04-20 → 2026-04-20

── WisdomTree Energy Transition ETC (NRGT.L)
  Deleted 1 recent rows from 2026-04-18 for fresh reimport
  WisdomTree Energy Transition ETC (NRGT.L)     | latest in DB: 2026-04-20 | fetching from 2026-04-18
  Fetching NRGT.L from 2026-04-18 to 2026-04-21...
  1 rows fetched | 1 new rows saved | 2026-04-20 → 2026-04-20

── WisdomTree Natural Gas ETC (NGSP.L)
  Deleted 1 recent rows from 2026-04-18 for fresh reimport
  WisdomTree Natural Gas ETC (NGSP.L)           | latest in DB: 2026-04-20 | fetching from 2026-04-18
  Fetching NGSP.L from 2026-04-18 to 2026-04-21...
  1 rows fetched | 1 new rows saved | 2026-04-20 → 2026-04-20

── WisdomTree Cocoa (COCO)
  Deleted 1 recent rows from 2026-04-18 for fresh reimport
  WisdomTree Cocoa (COCO)                       | latest in DB: 2026-04-20 | fetching from 2026-04-18
  Fetching COCO from 2026-04-18 to 2026-04-21...
  1 rows fetched | 1 new rows saved | 2026-04-20 → 2026-04-20

── GBP/USD (GBPUSD=X)
  Deleted 1 recent rows from 2026-04-18 for fresh reimport
  GBP/USD (GBPUSD=X)                            | latest in DB: 2026-04-20 | fetching from 2026-04-18
  Fetching GBPUSD=X from 2026-04-18 to 2026-04-21...
  1 rows fetched | 1 new rows saved | 2026-04-20 → 2026-04-20

── USD/CNY (CNY=X)
  Deleted 1 recent rows from 2026-04-18 for fresh reimport
  USD/CNY (CNY=X)                               | latest in DB: 2026-04-20 | fetching from 2026-04-18
  Fetching CNY=X from 2026-04-18 to 2026-04-21...
  1 rows fetched | 1 new rows saved | 2026-04-20 → 2026-04-20

── Bitcoin GBP (BTC-GBP)
  Deleted 3 recent rows from 2026-04-18 for fresh reimport
  Bitcoin GBP (BTC-GBP)                         | latest in DB: 2026-04-20 | fetching from 2026-04-18
  Fetching BTC-GBP from 2026-04-18 to 2026-04-21...
  3 rows fetched | 3 new rows saved | 2026-04-18 → 2026-04-20

── Ethereum GBP (ETH-GBP)
  Deleted 3 recent rows from 2026-04-18 for fresh reimport
  Ethereum GBP (ETH-GBP)                        | latest in DB: 2026-04-20 | fetching from 2026-04-18
  Fetching ETH-GBP from 2026-04-18 to 2026-04-21...
  3 rows fetched | 3 new rows saved | 2026-04-18 → 2026-04-20

── Alphabet (Google) (GOOG)
  Deleted 1 recent rows from 2026-04-18 for fresh reimport
  Alphabet (Google) (GOOG)                      | latest in DB: 2026-04-20 | fetching from 2026-04-18
  Fetching GOOG from 2026-04-18 to 2026-04-21...
  1 rows fetched | 1 new rows saved | 2026-04-20 → 2026-04-20

── Amazon (AMZN)
  Deleted 1 recent rows from 2026-04-18 for fresh reimport
  Amazon (AMZN)                                 | latest in DB: 2026-04-20 | fetching from 2026-04-18
  Fetching AMZN from 2026-04-18 to 2026-04-21...
  1 rows fetched | 1 new rows saved | 2026-04-20 → 2026-04-20

── NVIDIA (NVDA)
  Deleted 1 recent rows from 2026-04-18 for fresh reimport
  NVIDIA (NVDA)                                 | latest in DB: 2026-04-20 | fetching from 2026-04-18
  Fetching NVDA from 2026-04-18 to 2026-04-21...
  1 rows fetched | 1 new rows saved | 2026-04-20 → 2026-04-20

── ASML Holding (ASML)
  Deleted 1 recent rows from 2026-04-18 for fresh reimport
  ASML Holding (ASML)                           | latest in DB: 2026-04-20 | fetching from 2026-04-18
  Fetching ASML from 2026-04-18 to 2026-04-21...
  1 rows fetched | 1 new rows saved | 2026-04-20 → 2026-04-20

── Qualcomm (QCOM)
  Deleted 1 recent rows from 2026-04-18 for fresh reimport
  Qualcomm (QCOM)                               | latest in DB: 2026-04-20 | fetching from 2026-04-18
  Fetching QCOM from 2026-04-18 to 2026-04-21...
  1 rows fetched | 1 new rows saved | 2026-04-20 → 2026-04-20

── Micron Technology (MU)
  Deleted 1 recent rows from 2026-04-18 for fresh reimport
  Micron Technology (MU)                        | latest in DB: 2026-04-20 | fetching from 2026-04-18
  Fetching MU from 2026-04-18 to 2026-04-21...
  1 rows fetched | 1 new rows saved | 2026-04-20 → 2026-04-20

── JPMorgan Chase (JPM)
  Deleted 1 recent rows from 2026-04-18 for fresh reimport
  JPMorgan Chase (JPM)                          | latest in DB: 2026-04-20 | fetching from 2026-04-18
  Fetching JPM from 2026-04-18 to 2026-04-21...
  1 rows fetched | 1 new rows saved | 2026-04-20 → 2026-04-20

── Novo Nordisk (NVO)
  Deleted 1 recent rows from 2026-04-18 for fresh reimport
  Novo Nordisk (NVO)                            | latest in DB: 2026-04-20 | fetching from 2026-04-18
  Fetching NVO from 2026-04-18 to 2026-04-21...
  1 rows fetched | 1 new rows saved | 2026-04-20 → 2026-04-20

── Eli Lilly (LLY)
  Deleted 1 recent rows from 2026-04-18 for fresh reimport
  Eli Lilly (LLY)                               | latest in DB: 2026-04-20 | fetching from 2026-04-18
  Fetching LLY from 2026-04-18 to 2026-04-21...
  1 rows fetched | 1 new rows saved | 2026-04-20 → 2026-04-20

── GSK plc (GSK.L)
  Deleted 1 recent rows from 2026-04-18 for fresh reimport
  GSK plc (GSK.L)                               | latest in DB: 2026-04-20 | fetching from 2026-04-18
  Fetching GSK.L from 2026-04-18 to 2026-04-21...
  1 rows fetched | 1 new rows saved | 2026-04-20 → 2026-04-20

── HSBC Holdings (HSBA.L)
  Deleted 1 recent rows from 2026-04-18 for fresh reimport
  HSBC Holdings (HSBA.L)                        | latest in DB: 2026-04-20 | fetching from 2026-04-18
  Fetching HSBA.L from 2026-04-18 to 2026-04-21...
  1 rows fetched | 1 new rows saved | 2026-04-20 → 2026-04-20

── GlobalData plc (DATA.L)
  Deleted 1 recent rows from 2026-04-18 for fresh reimport
  GlobalData plc (DATA.L)                       | latest in DB: 2026-04-20 | fetching from 2026-04-18
  Fetching DATA.L from 2026-04-18 to 2026-04-21...
  1 rows fetched | 1 new rows saved | 2026-04-20 → 2026-04-20

── Burberry Group (BRBY.L)
  Deleted 1 recent rows from 2026-04-18 for fresh reimport
  Burberry Group (BRBY.L)                       | latest in DB: 2026-04-20 | fetching from 2026-04-18
  Fetching BRBY.L from 2026-04-18 to 2026-04-21...
  1 rows fetched | 1 new rows saved | 2026-04-20 → 2026-04-20

── QinetiQ Group (QQ.L)
  Deleted 1 recent rows from 2026-04-18 for fresh reimport
  QinetiQ Group (QQ.L)                          | latest in DB: 2026-04-20 | fetching from 2026-04-18
  Fetching QQ.L from 2026-04-18 to 2026-04-21...
  1 rows fetched | 1 new rows saved | 2026-04-20 → 2026-04-20

── Hilton Food Group (HFG.L)
  Deleted 1 recent rows from 2026-04-18 for fresh reimport
  Hilton Food Group (HFG.L)                     | latest in DB: 2026-04-20 | fetching from 2026-04-18
  Fetching HFG.L from 2026-04-18 to 2026-04-21...
  1 rows fetched | 1 new rows saved | 2026-04-20 → 2026-04-20

── Coca-Cola HBC (CCH.L)
  Deleted 1 recent rows from 2026-04-18 for fresh reimport
  Coca-Cola HBC (CCH.L)                         | latest in DB: 2026-04-20 | fetching from 2026-04-18
  Fetching CCH.L from 2026-04-18 to 2026-04-21...
  1 rows fetched | 1 new rows saved | 2026-04-20 → 2026-04-20

── BAE Systems (BA.L)
  Deleted 1 recent rows from 2026-04-18 for fresh reimport
  BAE Systems (BA.L)                            | latest in DB: 2026-04-20 | fetching from 2026-04-18
  Fetching BA.L from 2026-04-18 to 2026-04-21...
  1 rows fetched | 1 new rows saved | 2026-04-20 → 2026-04-20

── WisdomTree Agriculture ETC (AIGA.L)
  Deleted 1 recent rows from 2026-04-18 for fresh reimport
  WisdomTree Agriculture ETC (AIGA.L)           | latest in DB: 2026-04-20 | fetching from 2026-04-18
  Fetching AIGA.L from 2026-04-18 to 2026-04-21...
  1 rows fetched | 1 new rows saved | 2026-04-20 → 2026-04-20

── iShares Physical Gold ETC (IGLN.L)
  Deleted 1 recent rows from 2026-04-18 for fresh reimport
  iShares Physical Gold ETC (IGLN.L)            | latest in DB: 2026-04-20 | fetching from 2026-04-18
  Fetching IGLN.L from 2026-04-18 to 2026-04-21...
  1 rows fetched | 1 new rows saved | 2026-04-20 → 2026-04-20

── iShares Physical Silver ETC (ISLN.L)
  Deleted 1 recent rows from 2026-04-18 for fresh reimport
  iShares Physical Silver ETC (ISLN.L)          | latest in DB: 2026-04-20 | fetching from 2026-04-18
  Fetching ISLN.L from 2026-04-18 to 2026-04-21...
  1 rows fetched | 1 new rows saved | 2026-04-20 → 2026-04-20

Done. 68 total new rows saved.

To add a new ticker permanently, add a line to TICKERS:
  ("TICKER", "Display Name", "Asset Type"),
